../Core/Src/main.c:133:5:main	32	static
../Core/Src/main.c:190:6:SystemClock_Config	88	static
../Core/Src/main.c:237:13:MX_TIM2_Init	64	static
../Core/Src/main.c:296:13:MX_USART2_UART_Init	8	static
../Core/Src/main.c:327:13:MX_DMA_Init	16	static
../Core/Src/main.c:345:13:MX_GPIO_Init	48	static
../Core/Src/main.c:382:6:resetData	4	static
../Core/Src/main.c:400:6:std	4	static
../Core/Src/main.c:500:6:pat	8	static
../Core/Src/main.c:526:6:setPollFlagFalse	4	static
../Core/Src/main.c:531:6:deployPackage	16	static
../Core/Src/main.c:546:6:handleSend	16	static
../Core/Src/main.c:561:6:checkFailure	24	static
../Core/Src/main.c:642:6:updateStorage	16	static
../Core/Src/main.c:649:6:L1_receive	40	static
../Core/Src/main.c:656:6:L2_receive	40	static
../Core/Src/main.c:672:6:L3_receive	32	static
../Core/Src/main.c:694:6:L7_receive	40	static
../Core/Src/main.c:785:6:L7_send	32	static
../Core/Src/main.c:792:6:L3_send	32	static
../Core/Src/main.c:804:6:L2_send	32	static
../Core/Src/main.c:816:6:L1_send	32	static
../Core/Src/main.c:825:6:HAL_UART_RxCpltCallback	16	static
../Core/Src/main.c:831:6:HAL_UART_TxCpltCallback	16	static
../Core/Src/main.c:837:6:HAL_GPIO_EXTI_Callback	24	static
../Core/Src/main.c:853:6:Error_Handler	4	static,ignoring_inline_asm
